[debug] [2026-08-30T04:34:58.396Z] ----------------------------------------------------------------------
[debug] [2026-08-30T04:34:58.403Z] Command:       /usr/local/Cellar/node/25.6.0/bin/node /usr/local/bin/firebase apps:list --project bq-demos-469816
[debug] [2026-08-30T04:34:58.404Z] CLI Version:   15.1.0
[debug] [2026-08-30T04:34:58.404Z] Platform:      darwin
[debug] [2026-08-30T04:34:58.404Z] Node Version:  v25.6.0
[debug] [2026-08-30T04:34:58.404Z] Time:          Sat Aug 29 2026 23:34:58 GMT-0500 (Central Daylight Time)
[debug] [2026-08-30T04:34:58.404Z] ----------------------------------------------------------------------
[debug] 
[debug] [2026-08-30T04:34:58.406Z] >>> [apiv2][query] GET https://firebase-public.firebaseio.com/cli.json [none]
[debug] [2026-08-30T04:34:58.476Z] > command requires scopes: ["email","openid","https://www.googleapis.com/auth/cloudplatformprojects.readonly","https://www.googleapis.com/auth/firebase","https://www.googleapis.com/auth/cloud-platform"]
[debug] [2026-08-30T04:34:58.476Z] > authorizing via signed-in user (anam.nabil1@gmail.com)
[debug] [2026-08-30T04:34:58.479Z] Checked if tokens are valid: false, expires at: 1780070518783
[debug] [2026-08-30T04:34:58.479Z] Checked if tokens are valid: false, expires at: 1780070518783
[debug] [2026-08-30T04:34:58.479Z] > refreshing access token with scopes: []
[debug] [2026-08-30T04:34:58.480Z] >>> [apiv2][query] POST https://www.googleapis.com/oauth2/v3/token [none]
[debug] [2026-08-30T04:34:58.480Z] >>> [apiv2][body] POST https://www.googleapis.com/oauth2/v3/token [omitted]
[debug] [2026-08-30T04:34:58.569Z] <<< [apiv2][status] GET https://firebase-public.firebaseio.com/cli.json 200
[debug] [2026-08-30T04:34:58.569Z] <<< [apiv2][body] GET https://firebase-public.firebaseio.com/cli.json {"cloudBuildErrorAfter":1594252800000,"cloudBuildWarnAfter":1590019200000,"defaultNode10After":1594252800000,"minVersion":"3.0.5","node8DeploysDisabledAfter":1613390400000,"node8RuntimeDisabledAfter":1615809600000,"node8WarnAfter":1600128000000}
[debug] [2026-08-30T04:34:58.614Z] <<< [apiv2][status] POST https://www.googleapis.com/oauth2/v3/token 200
[debug] [2026-08-30T04:34:58.614Z] <<< [apiv2][body] POST https://www.googleapis.com/oauth2/v3/token [omitted]
[debug] [2026-08-30T04:34:58.670Z] >>> [apiv2][query] GET https://firebase.googleapis.com/v1beta1/projects/bq-demos-469816:searchApps pageSize=100
[debug] [2026-08-30T04:34:58.878Z] <<< [apiv2][status] GET https://firebase.googleapis.com/v1beta1/projects/bq-demos-469816:searchApps 403
[debug] [2026-08-30T04:34:58.878Z] <<< [apiv2][body] GET https://firebase.googleapis.com/v1beta1/projects/bq-demos-469816:searchApps {"error":{"code":403,"message":"The caller does not have permission","status":"PERMISSION_DENIED"}}
[debug] [2026-08-30T04:34:58.879Z] Request to https://firebase.googleapis.com/v1beta1/projects/bq-demos-469816:searchApps?pageSize=100 had HTTP Error: 403, The caller does not have permission
[debug] [2026-08-30T04:34:58.980Z] FirebaseError: Request to https://firebase.googleapis.com/v1beta1/projects/bq-demos-469816:searchApps?pageSize=100 had HTTP Error: 403, The caller does not have permission
    at responseToError (/usr/local/lib/node_modules/firebase-tools/lib/responseToError.js:53:12)
    at RetryOperation._fn (/usr/local/lib/node_modules/firebase-tools/lib/apiv2.js:322:77)
    at process.processTicksAndRejections (node:internal/process/task_queues:104:5)
[error] 
[error] Error: Failed to list Firebase apps. See firebase-debug.log for more info.
